============================= test session starts =============================
platform win32 -- Python 3.10.11, pytest-7.4.3, pluggy-1.6.0
benchmark: 4.0.0 (defaults: timer=time.perf_counter disable_gc=False min_rounds=5 min_time=0.000005 max_time=1.0 calibration_precision=10 warmup=False warmup_iterations=100000)
rootdir: C:\Users\91937\Documents\GitHub\friendly-greetings-launchpad
configfile: pytest.ini
plugins: anyio-3.7.1, Faker-20.1.0, hypothesis-6.88.1, asyncio-0.21.1, bdd-8.1.0, benchmark-4.0.0, cov-4.1.0, html-4.1.1, metadata-3.1.1, timeout-2.4.0, xdist-3.3.1
asyncio: mode=strict
collected 0 items / 1 error

=================================== ERRORS ====================================
___________ ERROR collecting tests/test_ingestion_phases_1_to_5.py ____________
ImportError while importing test module 'C:\Users\91937\Documents\GitHub\friendly-greetings-launchpad\tests\test_ingestion_phases_1_to_5.py'.
Hint: make sure your test modules/packages have valid Python names.
Traceback:
core_infrastructure\fastapi_backend_v2.py:124: in <module>
    from data_ingestion_normalization.universal_extractors_optimized import (
data_ingestion_normalization\universal_extractors_optimized.py:36: in <module>
    from docx import Document as DocxDocument
E   ModuleNotFoundError: No module named 'docx'

During handling of the above exception, another exception occurred:
..\..\..\AppData\Local\Programs\Python\Python310\lib\importlib\__init__.py:126: in import_module
    return _bootstrap._gcd_import(name[level:], package, level)
tests\test_ingestion_phases_1_to_5.py:67: in <module>
    from core_infrastructure.fastapi_backend_v2 import app, AppConfig
core_infrastructure\fastapi_backend_v2.py:146: in <module>
    from data_ingestion_normalization.universal_extractors_optimized import (
data_ingestion_normalization\universal_extractors_optimized.py:36: in <module>
    from docx import Document as DocxDocument
E   ModuleNotFoundError: No module named 'docx'
------------------------------- Captured stdout -------------------------------
[OK] Loaded environment from: C:\\Users\\91937\\Documents\\GitHub\\friendly-greetings-launchpad\\.env.test\n\u26a0\ufe0f glom not installed - nested data extraction will use fallback\n\U0001f50d DEBUG: Importing UniversalFieldDetector...\n\U0001f50d DEBUG: Importing UniversalPlatformDetector...\n\U0001f50d DEBUG: Importing UniversalDocumentClassifier...\n\U0001f50d DEBUG: Importing UniversalExtractors...\n\U0001f50d DEBUG: Importing UniversalFieldDetector (flat)...\n\U0001f50d DEBUG: Importing UniversalPlatformDetector (flat)...\n\U0001f50d DEBUG: Importing UniversalDocumentClassifier (flat)...\n\U0001f50d DEBUG: Importing UniversalExtractors (flat)...
============================== warnings summary ===============================
..\..\..\AppData\Local\Programs\Python\Python310\lib\site-packages\gotrue\types.py:679: 19 warnings
  C:\Users\91937\AppData\Local\Programs\Python\Python310\lib\site-packages\gotrue\types.py:679: PydanticDeprecatedSince20: The `update_forward_refs` method is deprecated; use `model_rebuild` instead. Deprecated in Pydantic V2.0 to be removed in V3.0. See Pydantic V2 Migration Guide at https://errors.pydantic.dev/2.12/migration/
    model.update_forward_refs()

data_ingestion_normalization\universal_field_detector.py:50
  C:\Users\91937\Documents\GitHub\friendly-greetings-launchpad\data_ingestion_normalization\universal_field_detector.py:50: PydanticDeprecatedSince20: Pydantic V1 style `@validator` validators are deprecated. You should migrate to Pydantic V2 style `@field_validator` validators, see the migration guide for more details. Deprecated in Pydantic V2.0 to be removed in V3.0. See Pydantic V2 Migration Guide at https://errors.pydantic.dev/2.12/migration/
    @validator('patterns')

data_ingestion_normalization\universal_field_detector.py:65
  C:\Users\91937\Documents\GitHub\friendly-greetings-launchpad\data_ingestion_normalization\universal_field_detector.py:65: PydanticDeprecatedSince20: Support for class-based `config` is deprecated, use ConfigDict instead. Deprecated in Pydantic V2.0 to be removed in V3.0. See Pydantic V2 Migration Guide at https://errors.pydantic.dev/2.12/migration/
    class FieldDetectorConfig(BaseSettings):

data_ingestion_normalization\universal_platform_detector_optimized.py:35
  C:\Users\91937\Documents\GitHub\friendly-greetings-launchpad\data_ingestion_normalization\universal_platform_detector_optimized.py:35: PydanticDeprecatedSince20: Support for class-based `config` is deprecated, use ConfigDict instead. Deprecated in Pydantic V2.0 to be removed in V3.0. See Pydantic V2 Migration Guide at https://errors.pydantic.dev/2.12/migration/
    class PlatformDetectorConfig(BaseSettings):

data_ingestion_normalization\universal_platform_detector_optimized.py:59
  C:\Users\91937\Documents\GitHub\friendly-greetings-launchpad\data_ingestion_normalization\universal_platform_detector_optimized.py:59: PydanticDeprecatedSince20: `min_items` is deprecated and will be removed, use `min_length` instead. Deprecated in Pydantic V2.0 to be removed in V3.0. See Pydantic V2 Migration Guide at https://errors.pydantic.dev/2.12/migration/
    indicators: List[str] = Field(min_items=1, max_items=50)

data_ingestion_normalization\universal_platform_detector_optimized.py:59
  C:\Users\91937\Documents\GitHub\friendly-greetings-launchpad\data_ingestion_normalization\universal_platform_detector_optimized.py:59: PydanticDeprecatedSince20: `max_items` is deprecated and will be removed, use `max_length` instead. Deprecated in Pydantic V2.0 to be removed in V3.0. See Pydantic V2 Migration Guide at https://errors.pydantic.dev/2.12/migration/
    indicators: List[str] = Field(min_items=1, max_items=50)

data_ingestion_normalization\universal_platform_detector_optimized.py:63
  C:\Users\91937\Documents\GitHub\friendly-greetings-launchpad\data_ingestion_normalization\universal_platform_detector_optimized.py:63: PydanticDeprecatedSince20: Pydantic V1 style `@validator` validators are deprecated. You should migrate to Pydantic V2 style `@field_validator` validators, see the migration guide for more details. Deprecated in Pydantic V2.0 to be removed in V3.0. See Pydantic V2 Migration Guide at https://errors.pydantic.dev/2.12/migration/
    @validator('indicators')

data_ingestion_normalization\universal_platform_detector_optimized.py:55
  C:\Users\91937\Documents\GitHub\friendly-greetings-launchpad\data_ingestion_normalization\universal_platform_detector_optimized.py:55: PydanticDeprecatedSince20: Support for class-based `config` is deprecated, use ConfigDict instead. Deprecated in Pydantic V2.0 to be removed in V3.0. See Pydantic V2 Migration Guide at https://errors.pydantic.dev/2.12/migration/
    class PlatformDefinition(BaseModel):

data_ingestion_normalization\universal_document_classifier_optimized.py:52
  C:\Users\91937\Documents\GitHub\friendly-greetings-launchpad\data_ingestion_normalization\universal_document_classifier_optimized.py:52: PydanticDeprecatedSince20: Support for class-based `config` is deprecated, use ConfigDict instead. Deprecated in Pydantic V2.0 to be removed in V3.0. See Pydantic V2 Migration Guide at https://errors.pydantic.dev/2.12/migration/
    class DocumentClassifierConfig(BaseSettings):

data_ingestion_normalization\universal_document_classifier_optimized.py:78
  C:\Users\91937\Documents\GitHub\friendly-greetings-launchpad\data_ingestion_normalization\universal_document_classifier_optimized.py:78: PydanticDeprecatedSince20: `min_items` is deprecated and will be removed, use `min_length` instead. Deprecated in Pydantic V2.0 to be removed in V3.0. See Pydantic V2 Migration Guide at https://errors.pydantic.dev/2.12/migration/
    indicators: List[str] = Field(min_items=1, max_items=100)

data_ingestion_normalization\universal_document_classifier_optimized.py:78
  C:\Users\91937\Documents\GitHub\friendly-greetings-launchpad\data_ingestion_normalization\universal_document_classifier_optimized.py:78: PydanticDeprecatedSince20: `max_items` is deprecated and will be removed, use `max_length` instead. Deprecated in Pydantic V2.0 to be removed in V3.0. See Pydantic V2 Migration Guide at https://errors.pydantic.dev/2.12/migration/
    indicators: List[str] = Field(min_items=1, max_items=100)

data_ingestion_normalization\universal_document_classifier_optimized.py:80
  C:\Users\91937\Documents\GitHub\friendly-greetings-launchpad\data_ingestion_normalization\universal_document_classifier_optimized.py:80: PydanticDeprecatedSince20: `min_items` is deprecated and will be removed, use `min_length` instead. Deprecated in Pydantic V2.0 to be removed in V3.0. See Pydantic V2 Migration Guide at https://errors.pydantic.dev/2.12/migration/
    keywords: List[str] = Field(min_items=1, max_items=20)

data_ingestion_normalization\universal_document_classifier_optimized.py:80
  C:\Users\91937\Documents\GitHub\friendly-greetings-launchpad\data_ingestion_normalization\universal_document_classifier_optimized.py:80: PydanticDeprecatedSince20: `max_items` is deprecated and will be removed, use `max_length` instead. Deprecated in Pydantic V2.0 to be removed in V3.0. See Pydantic V2 Migration Guide at https://errors.pydantic.dev/2.12/migration/
    keywords: List[str] = Field(min_items=1, max_items=20)

data_ingestion_normalization\universal_document_classifier_optimized.py:83
  C:\Users\91937\Documents\GitHub\friendly-greetings-launchpad\data_ingestion_normalization\universal_document_classifier_optimized.py:83: PydanticDeprecatedSince20: Pydantic V1 style `@validator` validators are deprecated. You should migrate to Pydantic V2 style `@field_validator` validators, see the migration guide for more details. Deprecated in Pydantic V2.0 to be removed in V3.0. See Pydantic V2 Migration Guide at https://errors.pydantic.dev/2.12/migration/
    @validator('indicators', 'keywords')

data_ingestion_normalization\universal_document_classifier_optimized.py:74
  C:\Users\91937\Documents\GitHub\friendly-greetings-launchpad\data_ingestion_normalization\universal_document_classifier_optimized.py:74: PydanticDeprecatedSince20: Support for class-based `config` is deprecated, use ConfigDict instead. Deprecated in Pydantic V2.0 to be removed in V3.0. See Pydantic V2 Migration Guide at https://errors.pydantic.dev/2.12/migration/
    class DocumentTypeDefinition(BaseModel):

-- Docs: https://docs.pytest.org/en/stable/how-to/capture-warnings.html
=========================== short test summary info ===========================
ERROR tests/test_ingestion_phases_1_to_5.py
!!!!!!!!!!!!!!!!!!! Interrupted: 1 error during collection !!!!!!!!!!!!!!!!!!!!
==================== no tests collected, 1 error in 23.11s ====================
